[    0.000000] Initializing cgroup subsys cpuset
[    0.000000] Initializing cgroup subsys cpu
[    0.000000] Initializing cgroup subsys cpuacct
[    0.000000] Linux version 4.4.0-209-generic (buildd@lcy01-amd64-019) (gcc version 5.4.0 20160609 (Ubuntu 5.4.0-6ubuntu1~16.04.12) ) #241-Ubuntu SMP Tue Apr 13 01:06:06 UTC 2021 (Ubuntu 4.4.0-209.241-generic 4.4.262)
[    0.000000] Command line: BOOT_IMAGE=/boot/vmlinuz-4.4.0-209-generic root=UUID=bf31e00a-f75c-4d08-9d1e-47eff50d0586 ro console=tty1 console=ttyS0
[    0.000000] KERNEL supported cpus:
[    0.000000]   Intel GenuineIntel
[    0.000000]   AMD AuthenticAMD
[    0.000000]   Centaur CentaurHauls
[    0.000000] x86/fpu: xstate_offset[2]:  576, xstate_sizes[2]:  256
[    0.000000] x86/fpu: Supporting XSAVE feature 0x01: 'x87 floating point registers'
[    0.000000] x86/fpu: Supporting XSAVE feature 0x02: 'SSE registers'
[    0.000000] x86/fpu: Supporting XSAVE feature 0x04: 'AVX registers'
[    0.000000] x86/fpu: Enabled xstate features 0x7, context size is 832 bytes, using 'standard' format.
[    0.000000] e820: BIOS-provided physical RAM map:
[    0.000000] BIOS-e820: [mem 0x0000000000000000-0x000000000009fbff] usable
[    0.000000] BIOS-e820: [mem 0x000000000009fc00-0x000000000009ffff] reserved
[    0.000000] BIOS-e820: [mem 0x00000000000f0000-0x00000000000fffff] reserved
[    0.000000] BIOS-e820: [mem 0x0000000000100000-0x000000007ffeffff] usable
[    0.000000] BIOS-e820: [mem 0x000000007fff0000-0x000000007fffffff] ACPI data
[    0.000000] BIOS-e820: [mem 0x00000000fec00000-0x00000000fec00fff] reserved
[    0.000000] BIOS-e820: [mem 0x00000000fee00000-0x00000000fee00fff] reserved
[    0.000000] BIOS-e820: [mem 0x00000000fffc0000-0x00000000ffffffff] reserved
[    0.000000] NX (Execute Disable) protection: active
[    0.000000] SMBIOS 2.5 present.
[    0.000000] Hypervisor detected: KVM
[    0.000000] e820: last_pfn = 0x7fff0 max_arch_pfn = 0x400000000
[    0.000000] MTRR: Disabled
[    0.000000] x86/PAT: MTRRs disabled, skipping PAT initialization too.
[    0.000000] CPU MTRRs all blank - virtualized system.
[    0.000000] x86/PAT: Configuration [0-7]: WB  WT  UC- UC  WB  WT  UC- UC  
[    0.000000] found SMP MP-table at [mem 0x0009fff0-0x0009ffff] mapped at [ffff88000009fff0]
[    0.000000] Scanning 1 areas for low memory corruption
[    0.000000] RAMDISK: [mem 0x36148000-0x3709bfff]
[    0.000000] ACPI: Early table checksum verification disabled
[    0.000000] ACPI: RSDP 0x00000000000E0000 000024 (v02 VBOX  )
[    0.000000] ACPI: XSDT 0x000000007FFF0030 00003C (v01 VBOX   VBOXXSDT 00000001 ASL  00000061)
[    0.000000] ACPI: FACP 0x000000007FFF00F0 0000F4 (v04 VBOX   VBOXFACP 00000001 ASL  00000061)
[    0.000000] ACPI: DSDT 0x000000007FFF0470 002325 (v02 VBOX   VBOXBIOS 00000002 INTL 20100528)
[    0.000000] ACPI: FACS 0x000000007FFF0200 000040
[    0.000000] ACPI: FACS 0x000000007FFF0200 000040
[    0.000000] ACPI: APIC 0x000000007FFF0240 00005C (v02 VBOX   VBOXAPIC 00000001 ASL  00000061)
[    0.000000] ACPI: SSDT 0x000000007FFF02A0 0001CC (v01 VBOX   VBOXCPUT 00000002 INTL 20100528)
[    0.000000] No NUMA configuration found
[    0.000000] Faking a node at [mem 0x0000000000000000-0x000000007ffeffff]
[    0.000000] NODE_DATA(0) allocated [mem 0x7ffeb000-0x7ffeffff]
[    0.000000] kvm-clock: Using msrs 4b564d01 and 4b564d00
[    0.000000] kvm-clock: cpu 0, msr 0:7ffe3001, primary cpu clock
[    0.000000] kvm-clock: using sched offset of 4227505265 cycles
[    0.000000] clocksource: kvm-clock: mask: 0xffffffffffffffff max_cycles: 0x1cd42e4dffb, max_idle_ns: 881590591483 ns
[    0.000000] Zone ranges:
[    0.000000]   DMA      [mem 0x0000000000001000-0x0000000000ffffff]
[    0.000000]   DMA32    [mem 0x0000000001000000-0x000000007ffeffff]
[    0.000000]   Normal   empty
[    0.000000]   Device   empty
[    0.000000] Movable zone start for each node
[    0.000000] Early memory node ranges
[    0.000000]   node   0: [mem 0x0000000000001000-0x000000000009efff]
[    0.000000]   node   0: [mem 0x0000000000100000-0x000000007ffeffff]
[    0.000000] Initmem setup node 0 [mem 0x0000000000001000-0x000000007ffeffff]
[    0.000000] ACPI: PM-Timer IO Port: 0x4008
[    0.000000] IOAPIC[0]: apic_id 2, version 32, address 0xfec00000, GSI 0-23
[    0.000000] ACPI: INT_SRC_OVR (bus 0 bus_irq 0 global_irq 2 dfl dfl)
[    0.000000] ACPI: INT_SRC_OVR (bus 0 bus_irq 9 global_irq 9 low level)
[    0.000000] Using ACPI (MADT) for SMP configuration information
[    0.000000] smpboot: Allowing 2 CPUs, 0 hotplug CPUs
[    0.000000] PM: Registered nosave memory: [mem 0x00000000-0x00000fff]
[    0.000000] PM: Registered nosave memory: [mem 0x0009f000-0x0009ffff]
[    0.000000] PM: Registered nosave memory: [mem 0x000a0000-0x000effff]
[    0.000000] PM: Registered nosave memory: [mem 0x000f0000-0x000fffff]
[    0.000000] e820: [mem 0x80000000-0xfebfffff] available for PCI devices
[    0.000000] Booting paravirtualized kernel on KVM
[    0.000000] clocksource: refined-jiffies: mask: 0xffffffff max_cycles: 0xffffffff, max_idle_ns: 7645519600211568 ns
[    0.000000] setup_percpu: NR_CPUS:512 nr_cpumask_bits:512 nr_cpu_ids:2 nr_node_ids:1
[    0.000000] PERCPU: Embedded 33 pages/cpu @ffff88007fc00000 s95192 r8192 d31784 u1048576
[    0.000000] Built 1 zonelists in Node order, mobility grouping on.  Total pages: 515960
[    0.000000] Policy zone: DMA32
[    0.000000] Kernel command line: BOOT_IMAGE=/boot/vmlinuz-4.4.0-209-generic root=UUID=bf31e00a-f75c-4d08-9d1e-47eff50d0586 ro console=tty1 console=ttyS0
[    0.000000] PID hash table entries: 4096 (order: 3, 32768 bytes)
[    0.000000] Memory: 2029176K/2096696K available (8644K kernel code, 1332K rwdata, 4044K rodata, 1492K init, 1164K bss, 67520K reserved, 0K cma-reserved)
[    0.000000] SLUB: HWalign=64, Order=0-3, MinObjects=0, CPUs=2, Nodes=1
[    0.000000] Kernel/User page tables isolation: enabled
[    0.000000] Hierarchical RCU implementation.
[    0.000000] 	Build-time adjustment of leaf fanout to 64.
[    0.000000] 	RCU restricting CPUs from NR_CPUS=512 to nr_cpu_ids=2.
[    0.000000] RCU: Adjusting geometry for rcu_fanout_leaf=64, nr_cpu_ids=2
[    0.000000] NR_IRQS:33024 nr_irqs:440 16
[    0.000000] Console: colour VGA+ 80x25
[    0.000000] console [tty1] enabled
[    0.000000] console [ttyS0] enabled
[    0.000000] tsc: Detected 1896.002 MHz processor
[    0.301143] Calibrating delay loop (skipped) preset value.. 3792.00 BogoMIPS (lpj=7584008)
[    0.304388] pid_max: default: 32768 minimum: 301
[    0.306053] ACPI: Core revision 20150930
[    0.310605] ACPI: 2 ACPI AML tables successfully acquired and loaded
[    0.313306] Security Framework initialized
[    0.315039] Yama: becoming mindful.
[    0.317002] AppArmor: AppArmor initialized
[    0.321146] Dentry cache hash table entries: 262144 (order: 9, 2097152 bytes)
[    0.323859] Inode-cache hash table entries: 131072 (order: 8, 1048576 bytes)
[    0.329002] Mount-cache hash table entries: 4096 (order: 3, 32768 bytes)
[    0.332226] Mountpoint-cache hash table entries: 4096 (order: 3, 32768 bytes)
[    0.334699] Initializing cgroup subsys io
[    0.336259] Initializing cgroup subsys memory
[    0.337839] Initializing cgroup subsys devices
[    0.339578] Initializing cgroup subsys freezer
[    0.341158] Initializing cgroup subsys net_cls
[    0.342770] Initializing cgroup subsys perf_event
[    0.345045] Initializing cgroup subsys net_prio
[    0.346764] Initializing cgroup subsys hugetlb
[    0.348990] Initializing cgroup subsys pids
[    0.370779] mce: CPU supports 0 MCE banks
[    0.372282] Last level iTLB entries: 4KB 64, 2MB 8, 4MB 8
[    0.374086] Last level dTLB entries: 4KB 64, 2MB 0, 4MB 0, 1GB 4
[    0.376197] Spectre V1 : Mitigation: usercopy/swapgs barriers and __user pointer sanitization
[    0.379387] Spectre V2 : Mitigation: Full generic retpoline
[    0.381914] Spectre V2 : Spectre v2 / SpectreRSB mitigation: Filling RSB on context switch
[    0.385355] Speculative Store Bypass: Vulnerable
[    0.387239] SRBDS: Unknown: Dependent on hypervisor status
[    0.389357] MDS: Mitigation: Clear CPU buffers
[    0.396186] Freeing SMP alternatives memory: 36K
[    0.409773] ftrace: allocating 32380 entries in 127 pages
[    0.513606] smpboot: APIC(0) Converting physical 0 to logical package 0
[    0.515845] smpboot: Max logical packages: 1
[    0.517879] x2apic enabled
[    0.519517] Switched APIC routing to physical x2apic.
[    0.523291] ..TIMER: vector=0x30 apic1=0 pin1=2 apic2=-1 pin2=-1
[    0.633440] smpboot: CPU0: Intel(R) Core(TM) i5-8350U CPU @ 1.70GHz (family: 0x6, model: 0x8e, stepping: 0xa)
[    0.637423] Performance Events: unsupported p6 CPU model 142 no PMU driver, software events only.
[    0.658745] KVM setup paravirtual spinlock
[    0.666800] x86: Booting SMP configuration:
[    0.669400] .... node  #0, CPUs:      #1
[    0.671847] kvm-clock: cpu 1, msr 0:7ffe3041, secondary cpu clock
[    0.703772] mce: CPU supports 0 MCE banks
[    0.707325] x86: Booted up 1 node, 2 CPUs
[    0.710287] smpboot: Total of 2 processors activated (7584.00 BogoMIPS)
[    0.715203] devtmpfs: initialized
[    0.721436] evm: security.selinux
[    0.723621] evm: security.SMACK64
[    0.725934] evm: security.SMACK64EXEC
[    0.728345] evm: security.SMACK64TRANSMUTE
[    0.731111] evm: security.SMACK64MMAP
[    0.733347] evm: security.ima
[    0.735363] evm: security.capability
[    0.738015] clocksource: jiffies: mask: 0xffffffff max_cycles: 0xffffffff, max_idle_ns: 7645041785100000 ns
[    0.743809] futex hash table entries: 512 (order: 3, 32768 bytes)
[    0.747240] pinctrl core: initialized pinctrl subsystem
[    0.750654] RTC time: 23:16:55, date: 04/21/21
[    0.754111] NET: Registered protocol family 16
[    0.768577] cpuidle: using governor ladder
[    0.783509] cpuidle: using governor menu
[    0.785950] PCCT header not found.
[    0.788430] ACPI: bus type PCI registered
[    0.791027] acpiphp: ACPI Hot Plug PCI Controller Driver version: 0.5
[    0.794967] PCI: Using configuration type 1 for base access
[    0.814537] ACPI: Added _OSI(Module Device)
[    0.817070] ACPI: Added _OSI(Processor Device)
[    0.819738] ACPI: Added _OSI(3.0 _SCP Extensions)
[    0.822477] ACPI: Added _OSI(Processor Aggregator Device)
[    0.827443] ACPI: Executed 1 blocks of module-level executable AML code
[    0.837870] ACPI: Interpreter enabled
[    0.840209] ACPI: (supports S0 S5)
[    0.842344] ACPI: Using IOAPIC for interrupt routing
[    0.845691] PCI: Using host bridge windows from ACPI; if necessary, use "pci=nocrs" and report a bug
[    0.860208] ACPI: PCI Root Bridge [PCI0] (domain 0000 [bus 00-ff])
[    0.863656] acpi PNP0A03:00: _OSC: OS supports [ASPM ClockPM Segments MSI]
[    0.868061] acpi PNP0A03:00: _OSC: not requesting OS control; OS requires [ExtendedConfig ASPM ClockPM MSI]
[    0.873683] acpi PNP0A03:00: fail to add MMCONFIG information, can't access extended PCI configuration space under this bridge.
[    0.881509] PCI host bridge to bus 0000:00
[    0.884241] pci_bus 0000:00: root bus resource [io  0x0000-0x0cf7 window]
[    0.887782] pci_bus 0000:00: root bus resource [io  0x0d00-0xffff window]
[    0.891371] pci_bus 0000:00: root bus resource [mem 0x000a0000-0x000bffff window]
[    0.895956] pci_bus 0000:00: root bus resource [mem 0x80000000-0xfdffffff window]
[    0.900865] pci_bus 0000:00: root bus resource [bus 00-ff]
[    0.908710] pci 0000:00:01.1: legacy IDE quirk: reg 0x10: [io  0x01f0-0x01f7]
[    0.912564] pci 0000:00:01.1: legacy IDE quirk: reg 0x14: [io  0x03f6]
[    0.916896] pci 0000:00:01.1: legacy IDE quirk: reg 0x18: [io  0x0170-0x0177]
[    0.951294] pci 0000:00:01.1: legacy IDE quirk: reg 0x1c: [io  0x0376]
[    0.992120] pci 0000:00:07.0: quirk: [io  0x4000-0x403f] claimed by PIIX4 ACPI
[    0.996617] pci 0000:00:07.0: quirk: [io  0x4100-0x410f] claimed by PIIX4 SMB
[    1.024447] ACPI: PCI Interrupt Link [LNKA] (IRQs 5 9 10 *11)
[    1.029335] ACPI: PCI Interrupt Link [LNKB] (IRQs 5 9 *10 11)
[    1.033904] ACPI: PCI Interrupt Link [LNKC] (IRQs 5 *9 10 11)
[    1.038424] ACPI: PCI Interrupt Link [LNKD] (IRQs 5 9 10 *11)
[    1.044162] ACPI: Enabled 2 GPEs in block 00 to 07
[    1.047899] vgaarb: setting as boot device: PCI:0000:00:02.0
[    1.051052] vgaarb: device added: PCI:0000:00:02.0,decodes=io+mem,owns=io+mem,locks=none
[    1.056359] vgaarb: loaded
[    1.058280] vgaarb: bridge control possible 0000:00:02.0
[    1.062494] SCSI subsystem initialized
[    1.065467] ACPI: bus type USB registered
[    1.067888] usbcore: registered new interface driver usbfs
[    1.070819] usbcore: registered new interface driver hub
[    1.073807] usbcore: registered new device driver usb
[    1.077435] PCI: Using ACPI for IRQ routing
[    1.080762] NetLabel: Initializing
[    1.082919] NetLabel:  domain hash size = 128
[    1.085565] NetLabel:  protocols = UNLABELED CIPSOv4
[    1.088357] NetLabel:  unlabeled traffic allowed by default
[    1.091847] amd_nb: Cannot enumerate AMD northbridges
[    1.094913] clocksource: Switched to clocksource kvm-clock
[    1.117694] AppArmor: AppArmor Filesystem Enabled
[    1.120586] pnp: PnP ACPI init
[    1.124517] pnp: PnP ACPI: found 3 devices
[    1.155555] clocksource: acpi_pm: mask: 0xffffff max_cycles: 0xffffff, max_idle_ns: 2085701024 ns
[    1.160653] NET: Registered protocol family 2
[    1.163592] TCP established hash table entries: 16384 (order: 5, 131072 bytes)
[    1.168176] TCP bind hash table entries: 16384 (order: 6, 262144 bytes)
[    1.171859] TCP: Hash tables configured (established 16384 bind 16384)
[    1.175267] UDP hash table entries: 1024 (order: 3, 32768 bytes)
[    1.178506] UDP-Lite hash table entries: 1024 (order: 3, 32768 bytes)
[    1.182149] NET: Registered protocol family 1
[    1.184661] pci 0000:00:00.0: Limiting direct PCI/PCI transfers
[    1.187197] pci 0000:00:01.0: Activating ISA DMA hang workarounds
[    1.189932] Unpacking initramfs...
[    1.536118] Freeing initrd memory: 15696K
[    1.537861] clocksource: tsc: mask: 0xffffffffffffffff max_cycles: 0x36a8d617cd5, max_idle_ns: 881590553509 ns
[    1.541322] platform rtc_cmos: registered platform RTC device (no PNP device found)
[    1.544543] Scanning for low memory corruption every 60 seconds
[    1.547501] audit: initializing netlink subsys (disabled)
[    1.549713] audit: type=2000 audit(1619047021.913:1): initialized
[    1.552621] Initialise system trusted keyring
[    1.555249] HugeTLB registered 2 MB page size, pre-allocated 0 pages
[    1.559157] zbud: loaded
[    1.560968] VFS: Disk quotas dquot_6.6.0
[    1.562498] VFS: Dquot-cache hash table entries: 512 (order 0, 4096 bytes)
[    1.565172] squashfs: version 4.0 (2009/01/31) Phillip Lougher
[    1.567736] fuse init (API version 7.23)
[    1.569530] Key type big_key registered
[    1.571011] Allocating IMA MOK and blacklist keyrings.
[    1.576100] Key type asymmetric registered
[    1.577624] Asymmetric key parser 'x509' registered
[    1.579512] Block layer SCSI generic (bsg) driver version 0.4 loaded (major 249)
[    1.582425] io scheduler noop registered
[    1.584073] io scheduler deadline registered (default)
[    1.585944] io scheduler cfq registered
[    1.587984] pci_hotplug: PCI Hot Plug PCI Core version: 0.5
[    1.590053] pciehp: PCI Express Hot Plug Controller Driver version: 0.4
[    1.592501] ACPI: AC Adapter [AC] (off-line)
[    1.594102] input: Power Button as /devices/LNXSYSTM:00/LNXPWRBN:00/input/input0
[    1.597020] ACPI: Power Button [PWRF]
[    1.598525] input: Sleep Button as /devices/LNXSYSTM:00/LNXSLPBN:00/input/input1
[    1.601308] ACPI: Sleep Button [SLPF]
[    1.603080] GHES: HEST is not enabled!
[    1.603996] ACPI: Battery Slot [BAT0] (battery present)
[    1.606584] Serial: 8250/16550 driver, 32 ports, IRQ sharing enabled
[    1.629832] 00:02: ttyS0 at I/O 0x3f8 (irq = 4, base_baud = 115200) is a 16550A
[    1.638893] Linux agpgart interface v0.103
[    1.643773] loop: module loaded
[    1.646059] scsi host0: ata_piix
[    1.647623] scsi host1: ata_piix
[    1.648920] ata1: PATA max UDMA/33 cmd 0x1f0 ctl 0x3f6 bmdma 0xd000 irq 14
[    1.651453] ata2: PATA max UDMA/33 cmd 0x170 ctl 0x376 bmdma 0xd008 irq 15
[    1.654511] libphy: Fixed MDIO Bus: probed
[    1.656686] tun: Universal TUN/TAP device driver, 1.6
[    1.659636] tun: (C) 1999-2004 Max Krasnyansky <maxk@qualcomm.com>
[    1.662276] PPP generic driver version 2.4.2
[    1.664703] ehci_hcd: USB 2.0 'Enhanced' Host Controller (EHCI) Driver
[    1.667087] ehci-pci: EHCI PCI platform driver
[    1.668968] ehci-platform: EHCI generic platform driver
[    1.671065] ohci_hcd: USB 1.1 'Open' Host Controller (OHCI) Driver
[    1.673397] ohci-pci: OHCI PCI platform driver
[    1.675195] ohci-platform: OHCI generic platform driver
[    1.677268] uhci_hcd: USB Universal Host Controller Interface driver
[    1.680530] i8042: PNP: PS/2 Controller [PNP0303:PS2K,PNP0f03:PS2M] at 0x60,0x64 irq 1,12
[    1.684673] serio: i8042 KBD port at 0x60,0x64 irq 1
[    1.686687] serio: i8042 AUX port at 0x60,0x64 irq 12
[    1.689214] mousedev: PS/2 mouse device common for all mice
[    1.692172] input: AT Translated Set 2 keyboard as /devices/platform/i8042/serio0/input/input2
[    1.696393] rtc_cmos rtc_cmos: rtc core: registered rtc_cmos as rtc0
[    1.699023] rtc_cmos rtc_cmos: alarms up to one day, 114 bytes nvram
[    1.701515] i2c /dev entries driver
[    1.703150] device-mapper: uevent: version 1.0.3
[    1.705376] device-mapper: ioctl: 4.34.0-ioctl (2015-10-28) initialised: dm-devel@redhat.com
[    1.708613] ledtrig-cpu: registered to indicate activity on CPUs
[    1.711609] NET: Registered protocol family 10
[    1.713953] NET: Registered protocol family 17
[    1.715684] Key type dns_resolver registered
[    1.718174] registered taskstats version 1
[    1.719920] Loading compiled-in X.509 certificates
[    1.722416] Loaded X.509 cert 'Build time autogenerated kernel key: 22d3a5535218f8054ed36ef6cb783aea6be3ac13'
[    1.725919] zswap: loaded using pool lzo/zbud
[    1.730609] Key type trusted registered
[    1.736476] Key type encrypted registered
[    1.737949] AppArmor: AppArmor sha1 policy hashing enabled
[    1.739872] ima: No TPM chip found, activating TPM-bypass!
[    1.741765] ima: Allocated hash algorithm: sha1
[    1.743400] evm: HMAC attrs: 0x1
[    1.745572]   Magic number: 1:726:302
[    1.747186] tty tty31: hash matches
[    1.748698] rtc_cmos rtc_cmos: setting system clock to 2021-04-21 23:16:56 UTC (1619047016)
[    1.751859] BIOS EDD facility v0.16 2004-Jun-25, 0 devices found
[    1.753855] EDD information not available.
[    1.843314] Freeing unused kernel memory: 1492K
[    1.848079] Write protecting the kernel read-only data: 14336k
[    1.856111] Freeing unused kernel memory: 1584K
[    1.861347] Freeing unused kernel memory: 52K
Loading, please wait...
starting version 229
[    1.919532] random: systemd-udevd: uninitialized urandom read (16 bytes read, 5 bits of entropy available)
[    1.921362] random: udevadm: uninitialized urandom read (16 bytes read, 5 bits of entropy available)
[    1.921463] random: udevadm: uninitialized urandom read (16 bytes read, 5 bits of entropy available)
[    1.947995] random: systemd-udevd: uninitialized urandom read (16 bytes read, 5 bits of entropy available)
[    1.957356] random: systemd-udevd: uninitialized urandom read (16 bytes read, 5 bits of entropy available)
[    1.959990] random: udevadm: uninitialized urandom read (16 bytes read, 5 bits of entropy available)
[    1.960275] random: udevadm: uninitialized urandom read (16 bytes read, 5 bits of entropy available)
[    1.960857] random: udevadm: uninitialized urandom read (16 bytes read, 5 bits of entropy available)
[    1.961133] random: udevadm: uninitialized urandom read (16 bytes read, 5 bits of entropy available)
[    1.961375] random: udevadm: uninitialized urandom read (16 bytes read, 5 bits of entropy available)
[    2.058340] e1000: Intel(R) PRO/1000 Network Driver - version 7.3.21-k8-NAPI
[    2.060671] e1000: Copyright (c) 1999-2006 Intel Corporation.
[    2.070063] Fusion MPT base driver 3.04.20
[    2.071793] Copyright (c) 1999-2008 LSI Corporation
[    2.093211] Fusion MPT SPI Host driver 3.04.20
[    2.109533] AVX2 version of gcm_enc/dec engaged.
[    2.111342] AES CTR mode by8 optimization enabled
[    2.288213] input: ImExPS/2 Generic Explorer Mouse as /devices/platform/i8042/serio1/input/input4
[    2.523971] e1000 0000:00:03.0 eth0: (PCI:33MHz:32-bit) 02:96:8e:bc:5b:f3
[    2.527560] e1000 0000:00:03.0 eth0: Intel(R) PRO/1000 Network Connection
[    2.533274] mptbase: ioc0: Initiating bringup
[    2.599715] ioc0: LSI53C1030 A0: Capabilities={Initiator}
[    2.773007] scsi host2: ioc0: LSI53C1030 A0, FwRev=00000000h, Ports=1, MaxQ=256, IRQ=20
[    2.893202] scsi 2:0:0:0: Direct-Access     VBOX     HARDDISK         1.0  PQ: 0 ANSI: 5
[    2.902400] scsi target2:0:0: Beginning Domain Validation
[    2.915520] scsi target2:0:0: Domain Validation skipping write tests
[    2.921500] scsi target2:0:0: Ending Domain Validation
[    2.927242] scsi target2:0:0: asynchronous
[    2.942697] scsi 2:0:1:0: Direct-Access     VBOX     HARDDISK         1.0  PQ: 0 ANSI: 5
[    2.953631] scsi target2:0:1: Beginning Domain Validation
[    2.966605] scsi target2:0:1: Domain Validation skipping write tests
[    3.024803] scsi target2:0:1: Ending Domain Validation
[    3.027869] scsi target2:0:1: asynchronous
[    3.044362] sd 2:0:0:0: Attached scsi generic sg0 type 0
[    3.046675] sd 2:0:0:0: [sda] 83886080 512-byte logical blocks: (42.9 GB/40.0 GiB)
[    3.050551] sd 2:0:1:0: [sdb] 20480 512-byte logical blocks: (10.5 MB/10.0 MiB)
[    3.053824] sd 2:0:1:0: Attached scsi generic sg1 type 0
[    3.056807] sd 2:0:0:0: [sda] Write Protect is off
[    3.058604] sd 2:0:1:0: [sdb] Write Protect is off
[    3.060593] sd 2:0:0:0: [sda] Incomplete mode parameter data
[    3.062779] sd 2:0:0:0: [sda] Assuming drive cache: write through
[    3.065158] sd 2:0:1:0: [sdb] Incomplete mode parameter data
[    3.067207] sd 2:0:1:0: [sdb] Assuming drive cache: write through
[    3.088716]  sda: sda1
[    3.093668] sd 2:0:1:0: [sdb] Attached SCSI disk
[    3.095912] sd 2:0:0:0: [sda] Attached SCSI disk
[    3.375319] e1000 0000:00:08.0 eth1: (PCI:33MHz:32-bit) 08:00:27:4a:51:54
[    3.379065] e1000 0000:00:08.0 eth1: Intel(R) PRO/1000 Network Connection
[    3.385341] e1000 0000:00:03.0 enp0s3: renamed from eth0
[    3.403993] e1000 0000:00:08.0 enp0s8: renamed from eth1
Begin: Loading essential drivers ... [    5.306016] md: linear personality registered for level -1
[    5.311944] md: multipath personality registered for level -4
[    5.317341] md: raid0 personality registered for level 0
[    5.326554] md: raid1 personality registered for level 1
[    5.403198] raid6: sse2x1   gen()  6225 MB/s
[    5.471024] raid6: sse2x1   xor()  5845 MB/s
[    5.538943] raid6: sse2x2   gen()  9937 MB/s
[    5.606967] raid6: sse2x2   xor()  6841 MB/s
[    5.675000] raid6: sse2x4   gen() 11312 MB/s
[    5.743763] raid6: sse2x4   xor()  7300 MB/s
[    5.811081] raid6: avx2x1   gen() 11324 MB/s
[    5.878998] raid6: avx2x2   gen() 10964 MB/s
[    5.947233] raid6: avx2x4   gen() 17100 MB/s
[    5.948862] raid6: using algorithm avx2x4 gen() 17100 MB/s
[    5.950644] raid6: using avx2x2 recovery algorithm
[    5.953693] xor: automatically using best checksumming function:
[    5.995097]    avx       : 13403.000 MB/sec
[    5.997956] async_tx: api initialized (async)
[    6.012265] md: raid6 personality registered for level 6
[    6.014169] md: raid5 personality registered for level 5
[    6.016126] md: raid4 personality registered for level 4
[    6.027323] md: raid10 personality registered for level 10
done.
Begin: Running /scripts/init-premount ... done.
Begin: Mounting root file system ... Begin: Running /scripts/local-top ... done.
Begin: Running /scripts/local-premount ... [    6.078310] Btrfs loaded
Scanning for Btrfs filesystems
done.
Begin: Will now check root file system ... fsck from util-linux 2.27.1
[/sbin/fsck.ext4 (1) -- /dev/sda1] fsck.ext4 -a -C0 /dev/sda1 
cloudimg-rootfs: recovering journal
cloudimg-rootfs: clean, 116007/5120000 files, 969113/10485499 blocks
done.
[    6.286116] EXT4-fs (sda1): mounted filesystem with ordered data mode. Opts: (null)
done.
Begin: Running /scripts/local-bottom ... done.
Begin: Running /scripts/init-bottom ... done.
[    6.648923] systemd[1]: systemd 229 running in system mode. (+PAM +AUDIT +SELINUX +IMA +APPARMOR +SMACK +SYSVINIT +UTMP +LIBCRYPTSETUP +GCRYPT +GNUTLS +ACL +XZ -LZ4 +SECCOMP +BLKID +ELFUTILS +KMOD -IDN)
[    6.665611] systemd[1]: Detected virtualization oracle.
[    6.671600] systemd[1]: Detected architecture x86-64.

Welcome to [1mUbuntu 16.04.7 LTS[0m!

[    6.688313] systemd[1]: Set hostname to <docker>.
[    7.130754] systemd[1]: Started Trigger resolvconf update for networkd DNS.
[[0;32m  OK  [0m] Started Trigger resolvconf update for networkd DNS.
[    7.138948] systemd[1]: Created slice System Slice.
[[0;32m  OK  [0m] Created slice System Slice.
[    7.147308] systemd[1]: Set up automount Arbitrary Executable File Formats File System Automount Point.
[[0;32m  OK  [0m] Set up automount Arbitrary Executab...ats File System Automount Point.
[    7.160524] systemd[1]: Listening on /dev/initctl Compatibility Named Pipe.
[[0;32m  OK  [0m] Listening on /dev/initctl Compatibility Named Pipe.
[    7.542101] systemd[1]: Listening on LVM2 metadata daemon socket.
[[0;32m  OK  [0m] Listening on LVM2 metadata daemon socket.
[    7.552792] systemd[1]: Started Forward Password Requests to Wall Directory Watch.
[[0;32m  OK  [0m] Started Forward Password Requests to Wall Directory Watch.
[    7.567325] systemd[1]: Reached target Swap.
[[0;32m  OK  [0m] Reached target Swap.
[    7.577208] systemd[1]: Created slice system-serial\x2dgetty.slice.
[[0;32m  OK  [0m] Created slice system-serial\x2dgetty.slice.
[    7.587126] systemd[1]: Listening on Journal Audit Socket.
[[0;32m  OK  [0m] Listening on Journal Audit Socket.
[    7.597211] systemd[1]: Listening on Journal Socket.
[[0;32m  OK  [0m] Listening on Journal Socket.
[    7.619611] systemd[1]: Starting Nameserver information manager...
         Starting Nameserver information manager...
[    7.634836] systemd[1]: Mounting Debug File System...
         Mounting Debug File System...
[    7.651941] systemd[1]: Listening on fsck to fsckd communication Socket.
[[0;32m  OK  [0m] Listening on fsck to fsckd communication Socket.
[    7.680133] systemd[1]: Starting Remount Root and Kernel File Systems...
         Starting Remount Root and Kernel File Systems...
[    7.692875] systemd[1]: Mounting POSIX Message Queue File System...
         Mounting POSIX M[    7.703417] EXT4-fs (sda1): re-mounted. Opts: (null)
essage Queue File System...
[    7.708998] systemd[1]: Reached target User and Group Name Lookups.
[[0;32m  OK  [0m] Reached target User and Group Name Lookups.
[    7.735834] systemd[1]: Starting Set console keymap...
[    7.742634] random: nonblocking pool is initialized
         Starting Set console keymap...
[    7.749589] systemd[1]: Listening on Syslog Socket.
[[0;32m  OK  [0m] Listening on Syslog Socket.
[    7.761731] systemd[1]: Created slice User and Session Slice.
[[0;32m  OK  [0m] Created slice User and Session Slice.
[    7.780290] systemd[1]: Reached target Slices.
[[0;32m  OK  [0m] Reached target Slices.
[    7.789925] systemd[1]: Reached target System Time Synchronized.
[[0;32m  OK  [0m] Reached target System Time Synchronized.
[    7.802567] systemd[1]: Listening on Journal Socket (/dev/log).
[[0;32m  OK  [0m] Listening on Journal Socket (/dev/log).
[    7.835902] systemd[1]: Starting Journal Service...
         Starting Journal Service...
[    7.844998] systemd[1]: Listening on LVM2 poll daemon socket.
[[0;32m  OK  [0m] Listening on LVM2 poll daemon socket.
[    7.855539] systemd[1]: Reached target Encrypted Volumes.
[[0;32m  OK  [0m] Reached target Encrypted Volumes.
[    7.891718] systemd[1]: Starting Create list of required static device nodes for the current kernel...
         Starting Create list of required st... nodes for the current kernel...
[    7.920838] systemd[1]: Starting Load Kernel Modules...
         Starting Load Kernel Modules...
[    7.940148] systemd[1]: Starting Uncomplicated firewall...
         Starting Uncomplicated firewall...
[    7.958146] systemd[1]: Mounting Huge Pages File System...
         Mounting Huge Pages File System...
[    7.986978] systemd[1]: Listening on Device-mapper event daemon FIFOs.
[[0;32m  OK  [0m] Listening on Device-mapper event daemon FIFOs.
[    8.008083] Loading iSCSI transport class v2.0-870.
[    8.011109] systemd[1]: Starting Monitoring of LVM2 mirrors, snapshots etc. using dmeventd or progress polling...
         Starting Monitoring of LVM2 mirrors... dmeventd or progress polling...
[    8.022057] systemd[1]: Listening on udev Control Socket.
[[0;32m  OK  [0m] Listening on udev Control Socket.
[    8.025796] systemd[1]: Listening on udev Kernel Socket.
[[0;32m  OK  [0m] Listening on udev Kernel Socket.
[    8.033789] iscsi: registered transport (tcp)
[    8.037905] systemd[1]: Mounted Huge Pages File System.
[[0;32m  OK  [0m] Mounted Huge Pages File System.
[    8.041325] systemd[1]: Mounted POSIX Message Queue File System.
[[0;32m  OK  [0m] Mounted POSIX Message Queue File System.
[    8.046763] systemd[1]: Mounted Debug File System.
[[0;32m  OK  [0m] Mounted Debug File System.
[    8.054038] systemd[1]: Started Journal Service.
[[0;32m  OK  [0m] Started Journal Service.
[[0;32m  OK  [0m] Started Remount Root and Kernel File Systems.
[[0;32m  OK  [0m] Started Set console keymap.
[[0;32m  OK  [0m] Started Create list of required sta...ce nodes for the current kernel.
[[0;32m  OK  [0m] Started Uncomplicated firewall.
[    8.087446] iscsi: registered transport (iser)
[[0;32m  OK  [0m] Started Nameserver information manager.
[[0;32m  OK  [0m] Started Load Kernel Modules.
[[0;32m  OK  [0m] Started LVM2 metadata daemon.
         Starting Apply Kernel Variables...
         Mounting FUSE Control File System...
         Starting Create Static Device Nodes in /dev...
         Starting Load/Save Random Seed...
         Starting udev Coldplug all Devices...
         Starting Flush Journal to Persistent Storage...
[[0;32m  OK  [0m] Mounted FUSE Control File System.
[[0;32m  OK  [0m] Started Apply Kernel Variables.
[[0;32m  OK  [0m] Started Load/Save Random Seed.
[[0;32m  OK  [0m] Started Flush Journal to Persistent Storage.
[[0;32m  OK  [0m] Started Create Static Device Nodes in /dev.
         Starting udev Kernel Device Manager...
[[0;32m  OK  [0m] Started udev Kernel Device Manager.
[[0;32m  OK  [0m] Started udev Coldplug all Devices.
[[0;32m  OK  [0m] Started Dispatch Password Requests to Console Directory Watch.
[[0;32m  OK  [0m] Started Monitoring of LVM2 mirrors,...ng dmeventd or progress polling.
[[0;32m  OK  [0m] Reached target Local File Systems (Pre).
[[0;32m  OK  [0m] Reached target Local File Systems.
         Starting Create Volatile Files and Directories...
         Starting Initial cloud-init job (pre-networking)...
         Starting Set console font and keymap...
         Starting Tell Plymouth To Write Out Runtime Data...
         Starting LSB: AppArmor initialization...
         Mounting /vagrant...
[[0;32m  OK  [0m] Started Tell Plymouth To Write Out Runtime Data.
[[0;32m  OK  [0m] Started Create Volatile Files and Directories.
[[0;1;31mFAILED[0m] Failed to mount /vagrant.
See 'systemctl status vagrant.mount' for details.
         Starting Update UTMP about System Boot/Shutdown...
[[0;32m  OK  [0m] Started Update UTMP about System Boot/Shutdown.
[[0;32m  OK  [0m] Started LSB: AppArmor initialization.
         Starting Load AppArmor profiles managed internally by snapd...
[[0;32m  OK  [0m] Started Load AppArmor profiles managed internally by snapd.
[[0;32m  OK  [0m] Found device /dev/ttyS0.
[[0;32m  OK  [0m] Listening on Load/Save RF Kill Switch Status /dev/rfkill Watch.
[[0;32m  OK  [0m] Found device 82540EM Gigabit Ethern...r (PRO/1000 MT Desktop Adapter).
[[0;32m  OK  [0m] Found device 82540EM Gigabit Ethern...r (PRO/1000 MT Desktop Adapter).
[[0;32m  OK  [0m] Started Set console font and keymap.
[[0;32m  OK  [0m] Created slice system-getty.slice.
[    9.837320] cloud-init[488]: Cloud-init v. 20.4.1-0ubuntu1~16.04.1 running 'init-local' at Wed, 21 Apr 2021 23:17:04 +0000. Up 9.37 seconds.
[[0;32m  OK  [0m] Started Initial cloud-init job (pre-networking).
[[0;32m  OK  [0m] Reached target Network (Pre).
[[0;32m  OK  [0m] Started ifup for enp0s3.
[[0;32m  OK  [0m] Started ifup for enp0s8.
         Starting Raise network interfaces...
[[0;32m  OK  [0m] Started Raise network interfaces.
         Starting Initial cloud-init job (metadata service crawler)...
[[0;32m  OK  [0m] Reached target Network.
[   11.490186] cloud-init[1067]: Cloud-init v. 20.4.1-0ubuntu1~16.04.1 running 'init' at Wed, 21 Apr 2021 23:17:05 +0000. Up 10.79 seconds.
[   11.501427] cloud-init[1067]: ci-info: ++++++++++++++++++++++++++++++++++++++Net device info+++++++++++++++++++++++++++++++++++++++
[   11.513143] cloud-init[1067]: ci-info: +--------+------+-----------------------------+---------------+--------+-------------------+
[   11.529703] cloud-init[1067]: ci-info: | Device |  Up  |           Address           |      Mask     | Scope  |     Hw-Address    |
[   11.541198] cloud-init[1067]: ci-info: +--------+------+-----------------------------+---------------+--------+-------------------+
[   11.546801] cloud-init[1067]: ci-info: | enp0s3 | True |          10.0.2.15          | 255.255.255.0 | global | 02:96:8e:bc:5b:f3 |
[   11.551860] cloud-init[1067]: ci-info: | enp0s3 | True |  fe80::96:8eff:febc:5bf3/64 |       .       |  link  | 02:96:8e:bc:5b:f3 |
[   11.565514] cloud-init[1067]: ci-info: | enp0s8 | True |        192.168.60.101       | 255.255.255.0 | global | 08:00:27:4a:51:54 |
[   11.577816] cloud-init[1067]: ci-info: | enp0s8 | True | fe80::a00:27ff:fe4a:5154/64 |       .       |  link  | 08:00:27:4a:51:54 |
[   11.589685] cloud-init[1067]: ci-info: |   lo   | True |          127.0.0.1          |   255.0.0.0   |  host  |         .         |
[   11.601346] cloud-init[1067]: ci-info: |   lo   | True |           ::1/128           |       .       |  host  |         .         |
[   11.613199] cloud-init[1067]: ci-info: +--------+------+-----------------------------+---------------+--------+-------------------+
[   11.618994] cloud-init[1067]: ci-info: ++++++++++++++++++++++++++++Route IPv4 info++++++++++++++++++++++++++++
[   11.629317] cloud-init[1067]: ci-info: +-------+--------------+----------+---------------+-----------+-------+
[   11.632851] cloud-init[1067]: ci-info: | Route | Destination  | Gateway  |    Genmask    | Interface | Flags |
[   11.634999] cloud-init[1067]: ci-info: +-------+--------------+----------+---------------+-----------+-------+
[   11.637329] cloud-init[1067]: ci-info: |   0   |   0.0.0.0    | 10.0.2.2 |    0.0.0.0    |   enp0s3  |   UG  |
[   11.639613] cloud-init[1067]: ci-info: |   1   |   10.0.2.0   | 0.0.0.0  | 255.255.255.0 |   enp0s3  |   U   |
[   11.649552] cloud-init[1067]: ci-info: |   2   | 192.168.60.0 | 0.0.0.0  | 255.255.255.0 |   enp0s8  |   U   |
[   11.649805] cloud-init[1067]: ci-info: +-------+--------------+----------+---------------+-----------+-------+
[   11.650123] cloud-init[1067]: ci-info: +++++++++++++++++++Route IPv6 info+++++++++++++++++++
[[0;32m  OK  [0m] Started Initial cloud-init job (metadata service crawler).
[   11.650424] cloud-init[1067]: ci-info: +-------+-------------+---------+-----------+-------+
[   11.656432] cloud-init[1067]: ci-info: | Route | Destination | Gateway | Interface | Flags |
[   11.656785] cloud-init[1067]: ci-info: +-------+-------------+---------+-----------+-------+
[   11.657094] cloud-init[1067]: ci-info: |   0   |  fe80::/64  |    ::   |   enp0s8  |   U   |
[[0;32m  OK  [0m] Reached target System Initialization.
[   11.657581] cloud-init[1067]: ci-info: |   1   |  fe80::/64  |    ::   |   enp0s3  |   U   |
[[0;32m  OK  [0m] Listening on ACPID Listen Socket.
[   11.661446] cloud-init[1067]: ci-info: |   4   |   ff00::/8  |    ::   |   enp0s8  |   U   |
[   11.661510] cloud-init[1067]: ci-info: |   5   |   ff00::/8  |    ::   |   enp0s3  |   U   |
[   11.673216] cloud-init[1067]: ci-info: +-------+-------------+---------+-----------+-------+
[[0;32m  OK  [0m] Listening on UUID daemon activation socket.
[[0;32m  OK  [0m] Started Daily apt download activities.
         Starting Docker Socket for the API.
[[0;32m  OK  [0m] Listening on D-Bus System Message Bus Socket.
[[0;32m  OK  [0m] Started ACPI Events Check.
[[0;32m  OK  [0m] Reached target Paths.
         Starting LXD - unix socket.
[[0;32m  OK  [0m] Started Daily Cleanup of Temporary Directories.
[[0;32m  OK  [0m] Started Daily apt upgrade and clean activities.
[[0;32m  OK  [0m] Started Message of the Day.
[[0;32m  OK  [0m] Reached target Timers.
         Starting Socket activation for snappy daemon.
[[0;32m  OK  [0m] Reached target Network is Online.
         Starting iSCSI initiator daemon (iscsid)...
[[0;32m  OK  [0m] Reached target Cloud-config availability.
[[0;32m  OK  [0m] Listening on Docker Socket for the API.
[[0;32m  OK  [0m] Listening on LXD - unix socket.
[[0;32m  OK  [0m] Listening on Socket activation for snappy daemon.
[[0;32m  OK  [0m] Reached target Sockets.
[[0;32m  OK  [0m] Reached target Basic System.
[[0;32m  OK  [0m] Started Deferred execution scheduler.
[[0;32m  OK  [0m] Started FUSE filesystem for LXC.
         Starting LSB: Record successful boot for GRUB...
[[0;32m  OK  [0m] Started D-Bus System Message Bus.
[[0;32m  OK  [0m] Started ACPI event daemon.
         Starting Accounts Service...
         Starting System Logging Service...
[[0;32m  OK  [0m] Started Regular background program processing daemon.
         Starting Virtualbox guest utils...
         Starting LSB: MD monitoring daemon...
         Starting containerd container runtime...
         Starting /etc/rc.local Compatibility...
         Starting Message of the Day...
         Starting LXD - container startup/shutdown...
         Starting Login Service...
         Starting Snap Daemon...
         Starting OpenBSD Secure Shell server...
[[0;32m  OK  [0m] Started System Logging Service.
[[0;32m  OK  [0m] Started iSCSI initiator daemon (iscsid).
[[0;32m  OK  [0m] Started /etc/rc.local Compatibility.
[[0;32m  OK  [0m] Started Message of the Day.
[[0;32m  OK  [0m] Started Login Service.
[[0;32m  OK  [0m] Started Unattended Upgrades Shutdown.
         Starting Authenticate and Authorize Users to Run Privileged Tasks...
         Starting Login to default iSCSI targets...
[[0;32m  OK  [0m] Started LSB: MD monitoring daemon.
[[0;32m  OK  [0m] Started LSB: Record successful boot for GRUB.
[[0;32m  OK  [0m] Started Login to default iSCSI targets.
[[0;32m  OK  [0m] Reached target Remote File Systems (Pre).
[[0;32m  OK  [0m] Reached target Remote File Systems.
         Starting LSB: automatic crash report generation...
         Starting LSB: daemon to balance interrupts for SMP systems...
         Starting LSB: Set the CPU Frequency Scaling governor to "ondemand"...
         Starting Permit User Sessions...
[[0;32m  OK  [0m] Started Permit User Sessions.
         Starting Terminate Plymouth Boot Screen...
         Starting Hold until boot process finishes up...
[[0;32m  OK  [0m] Started OpenBSD Secure Shell server.
[[0;32m  OK  [0m] Started Terminate Plymouth Boot Screen.
[[0;32m  OK  [0m] Started Hold until boot process finishes up.
[[0;32m  OK  [0m] Started LXD - container startup/shutdown.
[[0;32m  OK  [0m] Started Authenticate and Authorize Users to Run Privileged Tasks.
[[0;32m  OK  [0m] Started Accounts Service.
[[0;32m  OK  [0m] Started Serial Getty on ttyS0.
[[0;32m  OK  [0m] Started Getty on tty1.
[[0;32m  OK  [0m] Reached target Login Prompts.
         Starting Set console scheme...
[[0;32m  OK  [0m] Started LSB: daemon to balance interrupts for SMP systems.
[[0;32m  OK  [0m] Started Set console scheme.
[[0;32m  OK  [0m] Started LSB: Set the CPU Frequency Scaling governor to "ondemand".
[[0;32m  OK  [0m] Started LSB: automatic crash report generation.
[[0;32m  OK  [0m] Started Virtualbox guest utils.
[[0;32m  OK  [0m] Started Snap Daemon.
         Starting Wait until snapd is fully seeded...
[[0;32m  OK  [0m] Started Wait until snapd is fully seeded.
         Starting Apply the settings specified in cloud-config...
[[0;32m  OK  [0m] Started containerd container runtime.
         Starting Docker Application Container Engine...
[   15.428308] cloud-init[1344]: Cloud-init v. 20.4.1-0ubuntu1~16.04.1 running 'modules:config' at Wed, 21 Apr 2021 23:17:10 +0000. Up 15.01 seconds.
[[0;32m  OK  [0m] Started Apply the settings specified in cloud-config.
[[0;32m  OK  [0m] Started Docker Application Container Engine.
[[0;32m  OK  [0m] Reached target Multi-User System.
[[0;32m  OK  [0m] Reached target Graphical Interface.
         Starting Execute cloud user/final scripts...
         Starting Update UTMP about System Runlevel Changes...
[[0;32m  OK  [0m] Started Update UTMP about System Runlevel Changes.
[   17.067661] cloud-init[1594]: Cloud-init v. 20.4.1-0ubuntu1~16.04.1 running 'modules:final' at Wed, 21 Apr 2021 23:17:11 +0000. Up 16.71 seconds.
[   17.071635] cloud-init[1594]: Cloud-init v. 20.4.1-0ubuntu1~16.04.1 finished at Wed, 21 Apr 2021 23:17:12 +0000. Datasource DataSourceNoCloud [seed=/dev/sdb][dsmode=net].  Up 17.04 seconds
[[0;32m  OK  [0m] Started Execute cloud user/final scripts.
[[0;32m  OK  [0m] Reached target Cloud-init target.

Ubuntu 16.04.7 LTS docker ttyS0

docker login: 